Release 14.6 - xst P.68d (nt64)
Copyright (c) 1995-2013 Xilinx, Inc.  All rights reserved.
--> Parameter TMPDIR set to xst/projnav.tmp


Total REAL time to Xst completion: 0.00 secs
Total CPU time to Xst completion: 0.12 secs
 
--> Parameter xsthdpdir set to xst


Total REAL time to Xst completion: 0.00 secs
Total CPU time to Xst completion: 0.13 secs
 
--> Reading design: tb.prj

TABLE OF CONTENTS
  1) Synthesis Options Summary
  2) HDL Parsing
  3) HDL Elaboration
  4) HDL Synthesis
       4.1) HDL Synthesis Report
  5) Advanced HDL Synthesis
       5.1) Advanced HDL Synthesis Report
  6) Low Level Synthesis
  7) Partition Report
  8) Design Summary
       8.1) Primitive and Black Box Usage
       8.2) Device utilization summary
       8.3) Partition Resource Summary
       8.4) Timing Report
            8.4.1) Clock Information
            8.4.2) Asynchronous Control Signals Information
            8.4.3) Timing Summary
            8.4.4) Timing Details
            8.4.5) Cross Clock Domains Report


=========================================================================
*                      Synthesis Options Summary                        *
=========================================================================
---- Source Parameters
Input File Name                    : "tb.prj"
Ignore Synthesis Constraint File   : NO

---- Target Parameters
Output File Name                   : "tb"
Output Format                      : NGC
Target Device                      : xc6slx16-3-csg324

---- Source Options
Top Module Name                    : tb
Automatic FSM Extraction           : YES
FSM Encoding Algorithm             : Auto
Safe Implementation                : No
FSM Style                          : LUT
RAM Extraction                     : Yes
RAM Style                          : Auto
ROM Extraction                     : Yes
Shift Register Extraction          : YES
ROM Style                          : Auto
Resource Sharing                   : YES
Asynchronous To Synchronous        : NO
Shift Register Minimum Size        : 2
Use DSP Block                      : Auto
Automatic Register Balancing       : No

---- Target Options
LUT Combining                      : Auto
Reduce Control Sets                : Auto
Add IO Buffers                     : YES
Global Maximum Fanout              : 100000
Add Generic Clock Buffer(BUFG)     : 16
Register Duplication               : YES
Optimize Instantiated Primitives   : NO
Use Clock Enable                   : Auto
Use Synchronous Set                : Auto
Use Synchronous Reset              : Auto
Pack IO Registers into IOBs        : Auto
Equivalent register Removal        : YES

---- General Options
Optimization Goal                  : Speed
Optimization Effort                : 1
Power Reduction                    : NO
Keep Hierarchy                     : No
Netlist Hierarchy                  : As_Optimized
RTL Output                         : Yes
Global Optimization                : AllClockNets
Read Cores                         : YES
Write Timing Constraints           : NO
Cross Clock Analysis               : NO
Hierarchy Separator                : /
Bus Delimiter                      : <>
Case Specifier                     : Maintain
Slice Utilization Ratio            : 100
BRAM Utilization Ratio             : 100
DSP48 Utilization Ratio            : 100
Auto BRAM Packing                  : NO
Slice Utilization Ratio Delta      : 5

=========================================================================


=========================================================================
*                          HDL Parsing                                  *
=========================================================================
Analyzing Verilog file "C:\Users\152\Desktop\CSM152A\lab2\rtl\seq_add.v" into library work
Parsing verilog file "C:\Users\152\Desktop\CSM152A\lab2\rtl\/seq_definitions.v" included at line 1.
WARNING:HDLCompiler:1591 - "C:\Users\152\Desktop\CSM152A\lab2\rtl\/seq_definitions.v" Line 1: Root scope declaration is not allowed in verilog 95/2K mode
WARNING:HDLCompiler:1591 - "C:\Users\152\Desktop\CSM152A\lab2\rtl\/seq_definitions.v" Line 2: Root scope declaration is not allowed in verilog 95/2K mode
WARNING:HDLCompiler:1591 - "C:\Users\152\Desktop\CSM152A\lab2\rtl\/seq_definitions.v" Line 3: Root scope declaration is not allowed in verilog 95/2K mode
WARNING:HDLCompiler:1591 - "C:\Users\152\Desktop\CSM152A\lab2\rtl\/seq_definitions.v" Line 4: Root scope declaration is not allowed in verilog 95/2K mode
WARNING:HDLCompiler:1591 - "C:\Users\152\Desktop\CSM152A\lab2\rtl\/seq_definitions.v" Line 5: Root scope declaration is not allowed in verilog 95/2K mode
WARNING:HDLCompiler:1591 - "C:\Users\152\Desktop\CSM152A\lab2\rtl\/seq_definitions.v" Line 7: Root scope declaration is not allowed in verilog 95/2K mode
WARNING:HDLCompiler:1591 - "C:\Users\152\Desktop\CSM152A\lab2\rtl\/seq_definitions.v" Line 8: Root scope declaration is not allowed in verilog 95/2K mode
WARNING:HDLCompiler:1591 - "C:\Users\152\Desktop\CSM152A\lab2\rtl\/seq_definitions.v" Line 9: Root scope declaration is not allowed in verilog 95/2K mode
WARNING:HDLCompiler:1591 - "C:\Users\152\Desktop\CSM152A\lab2\rtl\/seq_definitions.v" Line 10: Root scope declaration is not allowed in verilog 95/2K mode
WARNING:HDLCompiler:1591 - "C:\Users\152\Desktop\CSM152A\lab2\rtl\/seq_definitions.v" Line 12: Root scope declaration is not allowed in verilog 95/2K mode
WARNING:HDLCompiler:1591 - "C:\Users\152\Desktop\CSM152A\lab2\rtl\/seq_definitions.v" Line 13: Root scope declaration is not allowed in verilog 95/2K mode
WARNING:HDLCompiler:1591 - "C:\Users\152\Desktop\CSM152A\lab2\rtl\/seq_definitions.v" Line 14: Root scope declaration is not allowed in verilog 95/2K mode
WARNING:HDLCompiler:1591 - "C:\Users\152\Desktop\CSM152A\lab2\rtl\/seq_definitions.v" Line 15: Root scope declaration is not allowed in verilog 95/2K mode
Parsing module <seq_add>.
Parsing module <seq_mult>.
Analyzing Verilog file "C:\Users\152\Desktop\CSM152A\lab2\rtl\uart_fifo.v" into library work
Parsing module <uart_fifo>.
Analyzing Verilog file "C:\Users\152\Desktop\CSM152A\lab2\rtl\uart.v" into library work
Parsing module <uart>.
Analyzing Verilog file "C:\Users\152\Desktop\CSM152A\lab2\rtl\seq_rf.v" into library work
Parsing module <seq_rf>.
Parsing verilog file "C:\Users\152\Desktop\CSM152A\lab2\rtl\/seq_definitions.v" included at line 8.
Analyzing Verilog file "C:\Users\152\Desktop\CSM152A\lab2\rtl\seq_alu.v" into library work
Parsing module <seq_alu>.
Parsing verilog file "C:\Users\152\Desktop\CSM152A\lab2\rtl\/seq_definitions.v" included at line 7.
Analyzing Verilog file "C:\Users\152\Desktop\CSM152A\lab2\rtl\uart_top.v" into library work
Parsing module <uart_top>.
Parsing verilog file "C:\Users\152\Desktop\CSM152A\lab2\rtl\/seq_definitions.v" included at line 8.
Analyzing Verilog file "C:\Users\152\Desktop\CSM152A\lab2\rtl\seq.v" into library work
Parsing module <seq>.
Parsing verilog file "C:\Users\152\Desktop\CSM152A\lab2\rtl\/seq_definitions.v" included at line 8.
Analyzing Verilog file "C:\Users\152\Desktop\CSM152A\lab2\tb\model_uart.v" into library work
Parsing module <model_uart>.
Analyzing Verilog file "C:\Users\152\Desktop\CSM152A\lab2\rtl\nexys3.v" into library work
Parsing module <nexys3>.
Parsing verilog file "C:\Users\152\Desktop\CSM152A\lab2\rtl\/seq_definitions.v" included at line 8.
Analyzing Verilog file "C:\Users\152\Desktop\CSM152A\lab2\tb\tb.v" into library work
Parsing module <tb>.

=========================================================================
*                            HDL Elaboration                            *
=========================================================================
WARNING:HDLCompiler:1016 - "C:\Users\152\Desktop\CSM152A\lab2\tb\tb.v" Line 76: Port btnSend is not connected to this instance

Elaborating module <tb>.

Elaborating module <$unit_1>.
WARNING:HDLCompiler:816 - "C:\Users\152\Desktop\CSM152A\lab2\tb\tb.v" Line 36: System function call fscanf not supported
WARNING:HDLCompiler:816 - "C:\Users\152\Desktop\CSM152A\lab2\tb\tb.v" Line 37: System function call feof not supported
ERROR:HDLCompiler:1689 - "C:\Users\152\Desktop\CSM152A\lab2\tb\tb.v" Line 61: System task finish is always executed
WARNING:HDLCompiler:872 - "C:\Users\152\Desktop\CSM152A\lab2\tb\tb.v" Line 22: Using initial value of btnR since it is never assigned
Module tb remains a blackbox, due to errors in its contents
WARNING:HDLCompiler:1499 - "C:\Users\152\Desktop\CSM152A\lab2\tb\tb.v" Line 3: Empty module <tb> remains a black box.
--> 

Total memory usage is 204800 kilobytes

Number of errors   :    1 (   0 filtered)
Number of warnings :   18 (   0 filtered)
Number of infos    :    0 (   0 filtered)

